// Jest Snapshot v1, https://goo.gl/fbAQLP

exports[`The Header component renders header correctly 1`] = `
<DocumentFragment>
  <header
    class="sc-eCssSg hVnNYd"
  >
    <span
      class="sc-hKgILt hiVVBj"
    />
    <div
      class="sc-bdfBwQ efJNDJ"
    >
      TESTING 
      <span />
      REACT.DEV
    </div>
    <div>
      <button
        class="sc-gsTCUz feUypG"
        data-testid="FilterButton"
      >
        Filter
      </button>
      <button
        class="sc-gsTCUz sc-dlfnbm feUypG ggRcYP"
        data-testid="CartButton"
      >
        Cart (0)
      </button>
    </div>
  </header>
</DocumentFragment>
`;
